[kraet.io/index.html]
[backblue.gif]
[fade.gif]
[index.html]
[kraet.io/wp-includes/js/mediaelement/mediaelementplayer-legacy.min1f61.css]
[kraet.io/wp-includes/js/mediaelement/wp-mediaelement.min9122.css]
[kraet.io/wp-content/plugins/bold-timeline-lite/style9122.css]
[kraet.io/feed/index.html]
[kraet.io/comments/feed/index.html]
[kraet.io/wp-content/plugins/graphina-elementor-charts-and-graphs/elementor/css/graphina-charts-for-elementor-public7a3d.css]
[kraet.io/wp-content/plugins/graphina-elementor-charts-and-graphs/elementor/css/graphina-charts-for-elementor-pro7a3d.css]
[kraet.io/wp-content/themes/hello-elementor/style.min324d.css]
[kraet.io/wp-content/themes/hello-elementor/theme.min324d.css]
[kraet.io/wp-content/themes/hello-elementor/header-footer.min324d.css]
[kraet.io/wp-content/plugins/elementor/assets/css/frontend-lite.min93d8.css]
[kraet.io/wp-content/uploads/elementor/css/post-61de9.css]
[kraet.io/wp-content/plugins/elementor/assets/lib/swiper/v8/css/swiper.min94a4.css]
[kraet.io/wp-content/plugins/elementor-pro/assets/css/frontend-lite.min11d9.css]
[kraet.io/wp-content/uploads/elementor/css/global7a47.css]
[kraet.io/wp-content/uploads/elementor/css/post-11057a47.css]
[kraet.io/wp-content/uploads/elementor/css/post-8461646.css]
[kraet.io/wp-content/uploads/elementor/css/post-8531646.css]
[kraet.io/wp-includes/js/jquery/jquery.minf43b.js]
[kraet.io/wp-includes/js/jquery/jquery-migrate.min5589.js]
[kraet.io/wp-content/plugins/bold-timeline-lite/bold-builder-light/bt-bb-light9122.js]
[kraet.io/wp-content/plugins/bold-timeline-lite/assets/js/bold-timeline9122.js]
[kraet.io/wp-content/plugins/graphina-elementor-charts-and-graphs/elementor/js/graphina-charts-for-elementor-public7a3d.js]
[kraet.io/wp-content/plugins/graphina-elementor-charts-and-graphs/elementor/js/apexcharts.min7a3d.js]
[kraet.io/wp-json/index.html]
[kraet.io/wp-json/wp/v2/pages/1105.json]
[kraet.io/xmlrpc0db0.php]
[kraet.io/wp-json/oembed/1.0/embed6386.json]
[kraet.io/wp-json/oembed/1.0/embedaa06]
[kraet.io/wp-content/uploads/2024/03/5.png]
[kraet.io/wp-content/plugins/elementor-pro/assets/css/widget-mega-menu.min.css]
[kraet.io/wp-content/uploads/2024/07/KRAET-Whitepaper-ENG.pdf]
[kraet.io/wp-content/uploads/2024/04/Fine-Art-1-1024x555.jpg]
[kraet.io/wp-content/uploads/2024/04/Real-Estate-1024x555.jpg]
[kraet.io/wp-content/uploads/2024/04/Collectibles-1024x555.jpg]
[kraet.io/wp-content/plugins/elementor-pro/assets/css/widget-flip-box.min.css]
[kraet.io/wp-content/plugins/elementor/assets/css/widget-icon-box.min.css]
[kraet.io/wp-content/uploads/2024/03/photo_2024-06-26_22-04-30-removebg-preview.png]
[kraet.io/wp-content/uploads/2024/04/Product-Layout-2-1024x732.png]
[kraet.io/wp-content/uploads/2024/04/Try-1-1024x708.png]
[kraet.io/wp-content/plugins/elementor/assets/css/widget-icon-list.min.css]
[kraet.io/wp-content/plugins/elementor-pro/assets/css/widget-nested-carousel.min.css]
[kraet.io/wp-content/uploads/2024/06/512px-Yahoo_Finance_Logo_2013.svg.png]
[kraet.io/wp-content/uploads/2024/06/feed-og-image-2-removebg-preview.png]
[kraet.io/wp-content/uploads/2024/06/Benzinga-Logo.png]
[kraet.io/wp-content/plugins/elementor/assets/lib/animations/animations.min93d8.css]
[kraet.io/wp-content/themes/hello-elementor/assets/js/hello-frontend.min324d.js]
[stats.wp.com/e-202430.js]
[kraet.io/wp-content/plugins/elementor-pro/assets/js/webpack-pro.runtime.min11d9.js]
[kraet.io/wp-content/plugins/elementor/assets/js/webpack.runtime.min93d8.js]
[kraet.io/wp-content/plugins/elementor/assets/js/frontend-modules.min93d8.js]
[kraet.io/wp-includes/js/dist/hooks.min2757.js]
[kraet.io/wp-includes/js/dist/i18n.minc33c.js]
[kraet.io/wp-content/plugins/elementor-pro/assets/js/frontend.min11d9.js]
[kraet.io/wp-content/plugins/elementor/assets/lib/waypoints/waypoints.min05da.js]
[kraet.io/wp-includes/js/jquery/ui/core.minb37e.js]
[kraet.io/wp-content/plugins/elementor/assets/js/frontend.min93d8.js]
[kraet.io/wp-content/plugins/elementor-pro/assets/js/elements-handlers.min11d9.js]
[kraet.io/wp-content/plugins/elementor-pro/assets/lib/sticky/jquery.sticky.min11d9.js]
[kraet.io/index.html]
[kraet.io/wp-includes/js/mediaelement/mediaelementplayer-legacy.min1f61.css]
[kraet.io/wp-includes/js/mediaelement/wp-mediaelement.min9122.css]
[kraet.io/wp-content/plugins/bold-timeline-lite/assets/fonts/Pe-icon-7-strokebb1d.eot]
[kraet.io/wp-content/plugins/bold-timeline-lite/assets/fonts/Pe-icon-7-stroked41d.eot]
[kraet.io/wp-content/plugins/bold-timeline-lite/assets/fonts/Pe-icon-7-strokebb1d.woff]
[kraet.io/wp-content/plugins/bold-timeline-lite/assets/fonts/Pe-icon-7-strokebb1d.ttf]
[kraet.io/wp-content/plugins/bold-timeline-lite/assets/fonts/FontAwesome5Brands3f71.woff]
[kraet.io/wp-content/plugins/bold-timeline-lite/assets/fonts/FontAwesome5Brands3f71.ttf]
[kraet.io/wp-content/plugins/bold-timeline-lite/assets/fonts/fontawesome-webfont5b62.eot]
[kraet.io/wp-content/plugins/bold-timeline-lite/assets/fonts/fontawesome-webfontd41d.eot]
[kraet.io/wp-content/plugins/bold-timeline-lite/assets/fonts/fontawesome-webfont5b62.woff2]
[kraet.io/wp-content/plugins/bold-timeline-lite/assets/fonts/fontawesome-webfont5b62.woff]
[kraet.io/wp-content/plugins/bold-timeline-lite/assets/fonts/fontawesome-webfont5b62.ttf]
[kraet.io/wp-content/plugins/bold-timeline-lite/style9122.css]
[www.gstatic.com/images/branding/product/1x/googleg_16dp.png]
[kraet.io/wp-content/plugins/graphina-elementor-charts-and-graphs/elementor/css/graphina-charts-for-elementor-public7a3d.css]
[kraet.io/wp-content/plugins/graphina-elementor-charts-and-graphs/elementor/css/graphina-charts-for-elementor-pro7a3d.css]
[kraet.io/wp-content/themes/hello-elementor/style.min324d.css]
[kraet.io/wp-content/themes/hello-elementor/theme.min324d.css]
[kraet.io/wp-content/themes/hello-elementor/header-footer.min324d.css]
[kraet.io/wp-content/plugins/elementor/assets/css/frontend-lite.min93d8.css]
[kraet.io/wp-content/uploads/elementor/css/post-61de9.css]
[kraet.io/wp-content/plugins/elementor/assets/lib/swiper/v8/css/swiper.min94a4.css]
[kraet.io/wp-content/plugins/elementor-pro/assets/css/frontend-lite.min11d9.css]
[kraet.io/wp-content/uploads/elementor/css/global7a47.css]
[kraet.io/wp-content/uploads/2024/04/10.jpg]
[kraet.io/wp-content/uploads/elementor/css/post-11057a47.css]
[kraet.io/wp-content/uploads/elementor/css/post-8461646.css]
[kraet.io/wp-content/uploads/elementor/css/post-8531646.css]
[kraet.io/wp-content/uploads/2024/03/Artboard-1-copy-3.svg]
[kraet.io/wp-content/plugins/elementor-pro/assets/css/widget-mega-menu.min.css]
[kraet.io/wp-content/plugins/elementor-pro/assets/css/widget-flip-box.min.css]
[kraet.io/wp-content/plugins/elementor/assets/css/widget-icon-box.min.css]
[kraet.io/wp-content/uploads/2024/03/Token-Image.svg]
[kraet.io/wp-content/plugins/elementor/assets/css/widget-icon-list.min.css]
[kraet.io/wp-content/plugins/elementor-pro/assets/css/widget-nested-carousel.min.css]
[kraet.io/wp-content/uploads/2024/05/KRAET-Whitepaper-ENG.html]
[kraet.io/wp-content/plugins/elementor/assets/lib/animations/animations.min93d8.css]
[kraet.io/wp-includes/js/mediaelement/mejs-controls.svg]
[kraet.io/wp-content/plugins/bold-timeline-lite/assets/fonts/Pe-icon-7-strokebb1d.svg]
[kraet.io/wp-content/plugins/bold-timeline-lite/assets/fonts/fontawesome-webfont5b62.svg]
